{"synthetic": false,
 "schemaVersion": "2025-09-10",
 "outputs":
 {"o": ["f1c83db61edc9ebd.olean"],
  "i": "41bfb676e282f61d.ilean",
  "c": "4f09604bbd62843b.c"},
 "log":
 [{"message":
   ".> LEAN_PATH=/home/mcbgaruda/projects/Neve/formal/.lake/build/lib/lean /home/mcbgaruda/.elan/toolchains/leanprover--lean4---v4.29.1/bin/lean /home/mcbgaruda/projects/Neve/formal/Neve/Verify/Environ.lean -o /home/mcbgaruda/projects/Neve/formal/.lake/build/lib/lean/Neve/Verify/Environ.olean -i /home/mcbgaruda/projects/Neve/formal/.lake/build/lib/lean/Neve/Verify/Environ.ilean -c /home/mcbgaruda/projects/Neve/formal/.lake/build/ir/Neve/Verify/Environ.c --setup /home/mcbgaruda/projects/Neve/formal/.lake/build/ir/Neve/Verify/Environ.setup.json --json",
   "level": "trace"}],
 "inputs":
 [["Neve.Verify.Environ:deps",
   [["deps",
     [["NeveFormal/Neve:extraDep",
       [["@NeveFormal:extraDep", "00000000000006bb"]]],
      ["imports", "00000000000006bb"]]],
    ["libs",
     [["import dynlibs", "00000000000006bb"],
      ["package external libraries", "00000000000006bb"],
      ["module dynlibs", "00000000000006bb"],
      ["module plugins", "00000000000006bb"]]]]],
  ["Lean 4.29.1, commit f72c35b3f637c8c6571d353742168ab66cc22c00",
   "fa77a35a41db35c0"],
  ["/home/mcbgaruda/projects/Neve/formal/Neve/Verify/Environ.lean",
   "e575677f7894b079"],
  ["options", "00000000000006bb"],
  ["isModule: false", "feefd2a0d3a1847e"],
  ["Module.name: Neve.Verify.Environ", "c9faa63941661400"],
  ["Package.id?: (some NeveFormal)", "dfedda3e51ebba2a"],
  ["Module.leanArgs: #[]", "00000000000006bb"]],
 "depHash": "1c312182198c1924"}