{"synthetic": false,
 "schemaVersion": "2025-09-10",
 "outputs":
 {"o": ["099c626d5bad47c4.olean"],
  "i": "e5778fb3ea3eac57.ilean",
  "c": "2b5f210d04e96963.c"},
 "log":
 [{"message":
   ".> LEAN_PATH=/home/mcbgaruda/projects/Neve/formal/.lake/build/lib/lean /home/mcbgaruda/.elan/toolchains/leanprover--lean4---v4.29.1/bin/lean /home/mcbgaruda/projects/Neve/formal/Neve/Verify/Limits.lean -o /home/mcbgaruda/projects/Neve/formal/.lake/build/lib/lean/Neve/Verify/Limits.olean -i /home/mcbgaruda/projects/Neve/formal/.lake/build/lib/lean/Neve/Verify/Limits.ilean -c /home/mcbgaruda/projects/Neve/formal/.lake/build/ir/Neve/Verify/Limits.c --setup /home/mcbgaruda/projects/Neve/formal/.lake/build/ir/Neve/Verify/Limits.setup.json --json",
   "level": "trace"}],
 "inputs":
 [["Neve.Verify.Limits:deps",
   [["deps",
     [["NeveFormal/Neve:extraDep",
       [["@NeveFormal:extraDep", "00000000000006bb"]]],
      ["imports",
       [["Neve.Spec.Effects transitive imports (legacy)", "bdb1029c8da6897c"],
        ["Neve.Spec.Effects:importAllArts", "0b9211ea783aa231"]]]]],
    ["libs",
     [["import dynlibs", "00000000000006bb"],
      ["package external libraries", "00000000000006bb"],
      ["module dynlibs", "00000000000006bb"],
      ["module plugins", "00000000000006bb"]]]]],
  ["Lean 4.29.1, commit f72c35b3f637c8c6571d353742168ab66cc22c00",
   "fa77a35a41db35c0"],
  ["/home/mcbgaruda/projects/Neve/formal/Neve/Verify/Limits.lean",
   "d72aaba6b38c9bc7"],
  ["options", "00000000000006bb"],
  ["isModule: false", "feefd2a0d3a1847e"],
  ["Module.name: Neve.Verify.Limits", "1fa35d9c78ee9ae4"],
  ["Package.id?: (some NeveFormal)", "dfedda3e51ebba2a"],
  ["Module.leanArgs: #[]", "00000000000006bb"]],
 "depHash": "ffdf2f075b2237b7"}