{"synthetic": false,
 "schemaVersion": "2025-09-10",
 "outputs":
 {"o": ["896f738bc4b45020.olean"],
  "i": "4d9f6f6a1413f2f0.ilean",
  "c": "6340b9a5c179ac0b.c"},
 "log":
 [{"message":
   ".> LEAN_PATH=/home/mcbgaruda/projects/Neve/formal/.lake/build/lib/lean /home/mcbgaruda/.elan/toolchains/leanprover--lean4---v4.29.1/bin/lean /home/mcbgaruda/projects/Neve/formal/Neve/Verify/Path.lean -o /home/mcbgaruda/projects/Neve/formal/.lake/build/lib/lean/Neve/Verify/Path.olean -i /home/mcbgaruda/projects/Neve/formal/.lake/build/lib/lean/Neve/Verify/Path.ilean -c /home/mcbgaruda/projects/Neve/formal/.lake/build/ir/Neve/Verify/Path.c --setup /home/mcbgaruda/projects/Neve/formal/.lake/build/ir/Neve/Verify/Path.setup.json --json",
   "level": "trace"}],
 "inputs":
 [["Neve.Verify.Path:deps",
   [["deps",
     [["NeveFormal/Neve:extraDep",
       [["@NeveFormal:extraDep", "00000000000006bb"]]],
      ["imports", "00000000000006bb"]]],
    ["libs",
     [["import dynlibs", "00000000000006bb"],
      ["package external libraries", "00000000000006bb"],
      ["module dynlibs", "00000000000006bb"],
      ["module plugins", "00000000000006bb"]]]]],
  ["Lean 4.29.1, commit f72c35b3f637c8c6571d353742168ab66cc22c00",
   "fa77a35a41db35c0"],
  ["/home/mcbgaruda/projects/Neve/formal/Neve/Verify/Path.lean",
   "02ba877033d5b628"],
  ["options", "00000000000006bb"],
  ["isModule: false", "feefd2a0d3a1847e"],
  ["Module.name: Neve.Verify.Path", "be4cc51c07b07b44"],
  ["Package.id?: (some NeveFormal)", "dfedda3e51ebba2a"],
  ["Module.leanArgs: #[]", "00000000000006bb"]],
 "depHash": "6c2fe0079a924e4f"}