{"synthetic": false,
 "schemaVersion": "2025-09-10",
 "outputs":
 {"o": ["49631a64c7f788f3.olean"],
  "i": "f19b527dd7bc707b.ilean",
  "c": "4a1481012e8bd359.c"},
 "log":
 [{"message":
   ".> LEAN_PATH=/home/mcbgaruda/projects/Neve/formal/.lake/build/lib/lean /home/mcbgaruda/.elan/toolchains/leanprover--lean4---v4.29.1/bin/lean /home/mcbgaruda/projects/Neve/formal/Neve/Spec/Effects.lean -o /home/mcbgaruda/projects/Neve/formal/.lake/build/lib/lean/Neve/Spec/Effects.olean -i /home/mcbgaruda/projects/Neve/formal/.lake/build/lib/lean/Neve/Spec/Effects.ilean -c /home/mcbgaruda/projects/Neve/formal/.lake/build/ir/Neve/Spec/Effects.c --setup /home/mcbgaruda/projects/Neve/formal/.lake/build/ir/Neve/Spec/Effects.setup.json --json",
   "level": "trace"}],
 "inputs":
 [["Neve.Spec.Effects:deps",
   [["deps",
     [["NeveFormal/Neve:extraDep",
       [["@NeveFormal:extraDep", "00000000000006bb"]]],
      ["imports",
       [["Neve.Spec.Syntax transitive imports (legacy)", "00000000000006bb"],
        ["Neve.Spec.Syntax:importAllArts", "9a2211e82583ab35"],
        ["Neve.Spec.Eval transitive imports (legacy)", "7743837036d59f39"],
        ["Neve.Spec.Eval:importAllArts", "a5b6a78300b9d436"]]]]],
    ["libs",
     [["import dynlibs", "00000000000006bb"],
      ["package external libraries", "00000000000006bb"],
      ["module dynlibs", "00000000000006bb"],
      ["module plugins", "00000000000006bb"]]]]],
  ["Lean 4.29.1, commit f72c35b3f637c8c6571d353742168ab66cc22c00",
   "fa77a35a41db35c0"],
  ["/home/mcbgaruda/projects/Neve/formal/Neve/Spec/Effects.lean",
   "7386c22f8be9d0cf"],
  ["options", "00000000000006bb"],
  ["isModule: false", "feefd2a0d3a1847e"],
  ["Module.name: Neve.Spec.Effects", "972ff9a4edffdd78"],
  ["Package.id?: (some NeveFormal)", "dfedda3e51ebba2a"],
  ["Module.leanArgs: #[]", "00000000000006bb"]],
 "depHash": "1581917124509ee8"}