{"synthetic": false,
 "schemaVersion": "2025-09-10",
 "outputs":
 {"o": ["144d31bee8100f6f.olean"],
  "i": "351c14c2f050f77f.ilean",
  "c": "e53b42f499439cbd.c"},
 "log":
 [{"message":
   ".> LEAN_PATH=/home/mcbgaruda/projects/Neve/formal/.lake/build/lib/lean /home/mcbgaruda/.elan/toolchains/leanprover--lean4---v4.29.1/bin/lean /home/mcbgaruda/projects/Neve/formal/Neve/Spec/Typing.lean -o /home/mcbgaruda/projects/Neve/formal/.lake/build/lib/lean/Neve/Spec/Typing.olean -i /home/mcbgaruda/projects/Neve/formal/.lake/build/lib/lean/Neve/Spec/Typing.ilean -c /home/mcbgaruda/projects/Neve/formal/.lake/build/ir/Neve/Spec/Typing.c --setup /home/mcbgaruda/projects/Neve/formal/.lake/build/ir/Neve/Spec/Typing.setup.json --json",
   "level": "trace"}],
 "inputs":
 [["Neve.Spec.Typing:deps",
   [["deps",
     [["NeveFormal/Neve:extraDep",
       [["@NeveFormal:extraDep", "00000000000006bb"]]],
      ["imports",
       [["Neve.Spec.Syntax transitive imports (legacy)", "00000000000006bb"],
        ["Neve.Spec.Syntax:importAllArts", "9a2211e82583ab35"]]]]],
    ["libs",
     [["import dynlibs", "00000000000006bb"],
      ["package external libraries", "00000000000006bb"],
      ["module dynlibs", "00000000000006bb"],
      ["module plugins", "00000000000006bb"]]]]],
  ["Lean 4.29.1, commit f72c35b3f637c8c6571d353742168ab66cc22c00",
   "fa77a35a41db35c0"],
  ["/home/mcbgaruda/projects/Neve/formal/Neve/Spec/Typing.lean",
   "aae1ea65b2ad33e5"],
  ["options", "00000000000006bb"],
  ["isModule: false", "feefd2a0d3a1847e"],
  ["Module.name: Neve.Spec.Typing", "616ad1ed0ff11f6f"],
  ["Package.id?: (some NeveFormal)", "dfedda3e51ebba2a"],
  ["Module.leanArgs: #[]", "00000000000006bb"]],
 "depHash": "7679197ace6f8080"}