{"synthetic": false,
 "schemaVersion": "2025-09-10",
 "outputs":
 {"o": ["8e5abc822d64de97.olean"],
  "i": "35e11a4ce0d9abd4.ilean",
  "c": "40c548c8bb216096.c"},
 "log":
 [{"message":
   ".> LEAN_PATH=/home/mcbgaruda/projects/Neve/formal/.lake/build/lib/lean /home/mcbgaruda/.elan/toolchains/leanprover--lean4---v4.29.1/bin/lean /home/mcbgaruda/projects/Neve/formal/Neve/Safety.lean -o /home/mcbgaruda/projects/Neve/formal/.lake/build/lib/lean/Neve/Safety.olean -i /home/mcbgaruda/projects/Neve/formal/.lake/build/lib/lean/Neve/Safety.ilean -c /home/mcbgaruda/projects/Neve/formal/.lake/build/ir/Neve/Safety.c --setup /home/mcbgaruda/projects/Neve/formal/.lake/build/ir/Neve/Safety.setup.json --json",
   "level": "trace"}],
 "inputs":
 [["Neve.Safety:deps",
   [["deps",
     [["NeveFormal/Neve:extraDep",
       [["@NeveFormal:extraDep", "00000000000006bb"]]],
      ["imports",
       [["Neve.Syntax transitive imports (legacy)", "00000000000006bb"],
        ["Neve.Syntax:importAllArts", "09d641fec46dc05c"],
        ["Neve.Types transitive imports (legacy)", "eddb9c9430cbe06b"],
        ["Neve.Types:importAllArts", "8e4c69121a702584"],
        ["Neve.Eval transitive imports (legacy)", "6e9c4921f08cb43c"],
        ["Neve.Eval:importAllArts", "a2a2e9334a759c1a"]]]]],
    ["libs",
     [["import dynlibs", "00000000000006bb"],
      ["package external libraries", "00000000000006bb"],
      ["module dynlibs", "00000000000006bb"],
      ["module plugins", "00000000000006bb"]]]]],
  ["Lean 4.29.1, commit f72c35b3f637c8c6571d353742168ab66cc22c00",
   "fa77a35a41db35c0"],
  ["/home/mcbgaruda/projects/Neve/formal/Neve/Safety.lean", "f41734c9b7e82a81"],
  ["options", "00000000000006bb"],
  ["isModule: false", "feefd2a0d3a1847e"],
  ["Module.name: Neve.Safety", "38863b8f34a9c0b7"],
  ["Package.id?: (some NeveFormal)", "dfedda3e51ebba2a"],
  ["Module.leanArgs: #[]", "00000000000006bb"]],
 "depHash": "83dd21bd4c04a52e"}