{"synthetic": false,
 "schemaVersion": "2025-09-10",
 "outputs":
 {"o": ["fbaeefd570f4fba3.olean"],
  "i": "8d1a8cc052eb4f45.ilean",
  "c": "c15897e99eca9e58.c"},
 "log":
 [{"message":
   ".> LEAN_PATH=/home/mcbgaruda/projects/Neve/lean/.lake/build/lib/lean /home/mcbgaruda/.elan/toolchains/leanprover--lean4---v4.29.1/bin/lean /home/mcbgaruda/projects/Neve/lean/Neve/Types.lean -o /home/mcbgaruda/projects/Neve/lean/.lake/build/lib/lean/Neve/Types.olean -i /home/mcbgaruda/projects/Neve/lean/.lake/build/lib/lean/Neve/Types.ilean -c /home/mcbgaruda/projects/Neve/lean/.lake/build/ir/Neve/Types.c --setup /home/mcbgaruda/projects/Neve/lean/.lake/build/ir/Neve/Types.setup.json --json",
   "level": "trace"}],
 "inputs":
 [["Neve.Types:deps",
   [["deps",
     [["NeveFormal/Neve:extraDep",
       [["@NeveFormal:extraDep", "00000000000006bb"]]],
      ["imports",
       [["Neve.Syntax transitive imports (legacy)", "00000000000006bb"],
        ["Neve.Syntax:importAllArts", "09d641fec46dc05c"]]]]],
    ["libs",
     [["import dynlibs", "00000000000006bb"],
      ["package external libraries", "00000000000006bb"],
      ["module dynlibs", "00000000000006bb"],
      ["module plugins", "00000000000006bb"]]]]],
  ["Lean 4.29.1, commit f72c35b3f637c8c6571d353742168ab66cc22c00",
   "fa77a35a41db35c0"],
  ["/home/mcbgaruda/projects/Neve/lean/Neve/Types.lean", "4a030200ed6693ed"],
  ["options", "00000000000006bb"],
  ["isModule: false", "feefd2a0d3a1847e"],
  ["Module.name: Neve.Types", "ca00a583151c1919"],
  ["Package.id?: (some NeveFormal)", "dfedda3e51ebba2a"],
  ["Module.leanArgs: #[]", "00000000000006bb"]],
 "depHash": "baeb7e1ed50ce6e0"}