{"synthetic": false,
 "schemaVersion": "2025-09-10",
 "outputs":
 {"o": ["7898bb98b654bbdc.olean"],
  "i": "aae2f504a4c7117a.ilean",
  "c": "f7a2f4bf894266e8.c"},
 "log":
 [{"message":
   ".> LEAN_PATH=/home/mcbgaruda/projects/Neve/formal/.lake/build/lib/lean /home/mcbgaruda/.elan/toolchains/leanprover--lean4---v4.29.1/bin/lean /home/mcbgaruda/projects/Neve/formal/Neve/Proofs/Context.lean -o /home/mcbgaruda/projects/Neve/formal/.lake/build/lib/lean/Neve/Proofs/Context.olean -i /home/mcbgaruda/projects/Neve/formal/.lake/build/lib/lean/Neve/Proofs/Context.ilean -c /home/mcbgaruda/projects/Neve/formal/.lake/build/ir/Neve/Proofs/Context.c --setup /home/mcbgaruda/projects/Neve/formal/.lake/build/ir/Neve/Proofs/Context.setup.json --json",
   "level": "trace"}],
 "inputs":
 [["Neve.Proofs.Context:deps",
   [["deps",
     [["NeveFormal/Neve:extraDep",
       [["@NeveFormal:extraDep", "00000000000006bb"]]],
      ["imports",
       [["Neve.Spec.Syntax transitive imports (legacy)", "00000000000006bb"],
        ["Neve.Spec.Syntax:importAllArts", "9a2211e82583ab35"],
        ["Neve.Spec.Typing transitive imports (legacy)", "93b2e43e025e04ea"],
        ["Neve.Spec.Typing:importAllArts", "5c8adfaaf1438f21"],
        ["Neve.Spec.Eval transitive imports (legacy)", "7743837036d59f39"],
        ["Neve.Spec.Eval:importAllArts", "a5b6a78300b9d436"],
        ["Neve.Proofs.Values transitive imports (legacy)", "34bba0015b6c0d67"],
        ["Neve.Proofs.Values:importAllArts", "ad5c02ef7a91bdbe"]]]]],
    ["libs",
     [["import dynlibs", "00000000000006bb"],
      ["package external libraries", "00000000000006bb"],
      ["module dynlibs", "00000000000006bb"],
      ["module plugins", "00000000000006bb"]]]]],
  ["Lean 4.29.1, commit f72c35b3f637c8c6571d353742168ab66cc22c00",
   "fa77a35a41db35c0"],
  ["/home/mcbgaruda/projects/Neve/formal/Neve/Proofs/Context.lean",
   "19d7ed56ee38d4a5"],
  ["options", "00000000000006bb"],
  ["isModule: false", "feefd2a0d3a1847e"],
  ["Module.name: Neve.Proofs.Context", "0e95def56f3385cb"],
  ["Package.id?: (some NeveFormal)", "dfedda3e51ebba2a"],
  ["Module.leanArgs: #[]", "00000000000006bb"]],
 "depHash": "9ac93fee7eb6d2f0"}