{"synthetic": false,
 "schemaVersion": "2025-09-10",
 "outputs":
 {"o": ["8166bd30d7f87d0e.olean"],
  "i": "7af5aed56e89b180.ilean",
  "c": "6a5dc41a5bb3cd7e.c"},
 "log":
 [{"message":
   ".> LEAN_PATH=/home/mcbgaruda/projects/Neve/formal/.lake/build/lib/lean /home/mcbgaruda/.elan/toolchains/leanprover--lean4---v4.29.1/bin/lean /home/mcbgaruda/projects/Neve/formal/Neve/Proofs/Safety.lean -o /home/mcbgaruda/projects/Neve/formal/.lake/build/lib/lean/Neve/Proofs/Safety.olean -i /home/mcbgaruda/projects/Neve/formal/.lake/build/lib/lean/Neve/Proofs/Safety.ilean -c /home/mcbgaruda/projects/Neve/formal/.lake/build/ir/Neve/Proofs/Safety.c --setup /home/mcbgaruda/projects/Neve/formal/.lake/build/ir/Neve/Proofs/Safety.setup.json --json",
   "level": "trace"}],
 "inputs":
 [["Neve.Proofs.Safety:deps",
   [["deps",
     [["NeveFormal/Neve:extraDep",
       [["@NeveFormal:extraDep", "00000000000006bb"]]],
      ["imports",
       [["Neve.Spec.Syntax transitive imports (legacy)", "00000000000006bb"],
        ["Neve.Spec.Syntax:importAllArts", "9a2211e82583ab35"],
        ["Neve.Spec.Typing transitive imports (legacy)", "93b2e43e025e04ea"],
        ["Neve.Spec.Typing:importAllArts", "5c8adfaaf1438f21"],
        ["Neve.Spec.Eval transitive imports (legacy)", "7743837036d59f39"],
        ["Neve.Spec.Eval:importAllArts", "a5b6a78300b9d436"],
        ["Neve.Proofs.Values transitive imports (legacy)", "34bba0015b6c0d67"],
        ["Neve.Proofs.Values:importAllArts", "ad5c02ef7a91bdbe"],
        ["Neve.Proofs.Context transitive imports (legacy)", "236ca55a82685028"],
        ["Neve.Proofs.Context:importAllArts", "49805e99b8c94687"]]]]],
    ["libs",
     [["import dynlibs", "00000000000006bb"],
      ["package external libraries", "00000000000006bb"],
      ["module dynlibs", "00000000000006bb"],
      ["module plugins", "00000000000006bb"]]]]],
  ["Lean 4.29.1, commit f72c35b3f637c8c6571d353742168ab66cc22c00",
   "fa77a35a41db35c0"],
  ["/home/mcbgaruda/projects/Neve/formal/Neve/Proofs/Safety.lean",
   "6d9b1228525ff530"],
  ["options", "00000000000006bb"],
  ["isModule: false", "feefd2a0d3a1847e"],
  ["Module.name: Neve.Proofs.Safety", "a433c97de5e55e0c"],
  ["Package.id?: (some NeveFormal)", "dfedda3e51ebba2a"],
  ["Module.leanArgs: #[]", "00000000000006bb"]],
 "depHash": "5b617f0d1af060f8"}