{"synthetic": false,
 "schemaVersion": "2025-09-10",
 "outputs":
 {"o": ["208a85380409c301.olean"],
  "i": "2b40e9140540bb83.ilean",
  "c": "d491ef6d6f503222.c"},
 "log":
 [{"message":
   ".> LEAN_PATH=/home/mcbgaruda/projects/Neve/formal/.lake/build/lib/lean /home/mcbgaruda/.elan/toolchains/leanprover--lean4---v4.29.1/bin/lean /home/mcbgaruda/projects/Neve/formal/Neve/Proofs/Values.lean -o /home/mcbgaruda/projects/Neve/formal/.lake/build/lib/lean/Neve/Proofs/Values.olean -i /home/mcbgaruda/projects/Neve/formal/.lake/build/lib/lean/Neve/Proofs/Values.ilean -c /home/mcbgaruda/projects/Neve/formal/.lake/build/ir/Neve/Proofs/Values.c --setup /home/mcbgaruda/projects/Neve/formal/.lake/build/ir/Neve/Proofs/Values.setup.json --json",
   "level": "trace"}],
 "inputs":
 [["Neve.Proofs.Values:deps",
   [["deps",
     [["NeveFormal/Neve:extraDep",
       [["@NeveFormal:extraDep", "00000000000006bb"]]],
      ["imports",
       [["Neve.Spec.Syntax transitive imports (legacy)", "00000000000006bb"],
        ["Neve.Spec.Syntax:importAllArts", "9a2211e82583ab35"],
        ["Neve.Spec.Typing transitive imports (legacy)", "93b2e43e025e04ea"],
        ["Neve.Spec.Typing:importAllArts", "5c8adfaaf1438f21"],
        ["Neve.Spec.Eval transitive imports (legacy)", "7743837036d59f39"],
        ["Neve.Spec.Eval:importAllArts", "a5b6a78300b9d436"]]]]],
    ["libs",
     [["import dynlibs", "00000000000006bb"],
      ["package external libraries", "00000000000006bb"],
      ["module dynlibs", "00000000000006bb"],
      ["module plugins", "00000000000006bb"]]]]],
  ["Lean 4.29.1, commit f72c35b3f637c8c6571d353742168ab66cc22c00",
   "fa77a35a41db35c0"],
  ["/home/mcbgaruda/projects/Neve/formal/Neve/Proofs/Values.lean",
   "76f38e660555562c"],
  ["options", "00000000000006bb"],
  ["isModule: false", "feefd2a0d3a1847e"],
  ["Module.name: Neve.Proofs.Values", "3b4fe0bafaafe65f"],
  ["Package.id?: (some NeveFormal)", "dfedda3e51ebba2a"],
  ["Module.leanArgs: #[]", "00000000000006bb"]],
 "depHash": "26c728a269556771"}