{"synthetic": false,
 "schemaVersion": "2025-09-10",
 "outputs":
 {"o": ["153216ba5368190c.olean"],
  "i": "6ae558aacda65b69.ilean",
  "c": "8d60b0b770e666ec.c"},
 "log":
 [{"message":
   ".> LEAN_PATH=/home/mcbgaruda/projects/Neve/formal/.lake/build/lib/lean /home/mcbgaruda/.elan/toolchains/leanprover--lean4---v4.29.1/bin/lean /home/mcbgaruda/projects/Neve/formal/Neve.lean -o /home/mcbgaruda/projects/Neve/formal/.lake/build/lib/lean/Neve.olean -i /home/mcbgaruda/projects/Neve/formal/.lake/build/lib/lean/Neve.ilean -c /home/mcbgaruda/projects/Neve/formal/.lake/build/ir/Neve.c --setup /home/mcbgaruda/projects/Neve/formal/.lake/build/ir/Neve.setup.json --json",
   "level": "trace"}],
 "inputs":
 [["Neve:deps",
   [["deps",
     [["NeveFormal/Neve:extraDep",
       [["@NeveFormal:extraDep", "00000000000006bb"]]],
      ["imports",
       [["Neve.Spec.Syntax transitive imports (legacy)", "00000000000006bb"],
        ["Neve.Spec.Syntax:importAllArts", "9a2211e82583ab35"],
        ["Neve.Spec.Typing transitive imports (legacy)", "93b2e43e025e04ea"],
        ["Neve.Spec.Typing:importAllArts", "5c8adfaaf1438f21"],
        ["Neve.Spec.Eval transitive imports (legacy)", "7743837036d59f39"],
        ["Neve.Spec.Eval:importAllArts", "a5b6a78300b9d436"],
        ["Neve.Spec.Effects transitive imports (legacy)", "bdb1029c8da6897c"],
        ["Neve.Spec.Effects:importAllArts", "0b9211ea783aa231"],
        ["Neve.Proofs.Values transitive imports (legacy)", "34bba0015b6c0d67"],
        ["Neve.Proofs.Values:importAllArts", "ad5c02ef7a91bdbe"],
        ["Neve.Proofs.Context transitive imports (legacy)", "236ca55a82685028"],
        ["Neve.Proofs.Context:importAllArts", "49805e99b8c94687"],
        ["Neve.Proofs.Safety transitive imports (legacy)", "3d4cda717ac4ff42"],
        ["Neve.Proofs.Safety:importAllArts", "e3ba7a028008a0ee"],
        ["Neve.Verify.Path transitive imports (legacy)", "00000000000006bb"],
        ["Neve.Verify.Path:importAllArts", "ef0f615e47f158f0"],
        ["Neve.Verify.Environ transitive imports (legacy)", "00000000000006bb"],
        ["Neve.Verify.Environ:importAllArts", "2bcf19bc5665095a"],
        ["Neve.Verify.Limits transitive imports (legacy)", "3aae7bf76faee7a4"],
        ["Neve.Verify.Limits:importAllArts", "fb4e010b6a775ea6"],
        ["Neve.Tests.Eval transitive imports (legacy)", "93b2e43e025e04ea"],
        ["Neve.Tests.Eval:importAllArts", "7e3cd807b78d60c2"]]]]],
    ["libs",
     [["import dynlibs", "00000000000006bb"],
      ["package external libraries", "00000000000006bb"],
      ["module dynlibs", "00000000000006bb"],
      ["module plugins", "00000000000006bb"]]]]],
  ["Lean 4.29.1, commit f72c35b3f637c8c6571d353742168ab66cc22c00",
   "fa77a35a41db35c0"],
  ["/home/mcbgaruda/projects/Neve/formal/Neve.lean", "9f7c03e7410c3d2b"],
  ["options", "00000000000006bb"],
  ["isModule: false", "feefd2a0d3a1847e"],
  ["Module.name: Neve", "9d49ecb303749afa"],
  ["Package.id?: (some NeveFormal)", "dfedda3e51ebba2a"],
  ["Module.leanArgs: #[]", "00000000000006bb"]],
 "depHash": "1e71350618b39553"}